// Jest Snapshot v1, https://goo.gl/fbAQLP

exports[`Badge renders correctly 1`] = `
<View
  style={
    {
      "alignItems": "center",
      "backgroundColor": "rgba(25, 25, 25, 0.25)",
      "borderRadius": 50,
      "flexDirection": "row",
      "justifyContent": "center",
      "paddingBottom": 2,
      "paddingHorizontal": 10,
      "paddingVertical": 0,
      "position": "absolute",
      "right": 18,
      "top": 22,
    }
  }
>
  <Text
    style={
      {
        "color": "#ffffff",
        "fontSize": 12,
        "fontWeight": "400",
        "lineHeight": 21,
      }
    }
  >
    Badge title
  </Text>
</View>
`;
