// Jest Snapshot v1, https://goo.gl/fbAQLP

exports[`BWImage renders correctly 1`] = `
<View
  animatedStyle={
    {
      "value": {},
    }
  }
  collapsable={false}
  entering={[Function]}
  style={
    {
      "backgroundColor": "#d1cecf",
    }
  }
>
  <View
    style={
      {
        "alignItems": "center",
        "bottom": 0,
        "justifyContent": "center",
        "left": 0,
        "position": "absolute",
        "right": 0,
        "top": 0,
      }
    }
  >
    <Text
      style={
        {
          "color": "#ffffff",
          "fontSize": 16,
          "fontWeight": "600",
          "textAlign": "center",
        }
      }
    />
  </View>
  <CMIFColorMatrixImageFilter
    matrix={
      [
        0.2126,
        0.7152,
        0.0722,
        0,
        0,
        0.2126,
        0.7152,
        0.0722,
        0,
        0,
        0.2126,
        0.7152,
        0.0722,
        0,
        0,
        0,
        0,
        0,
        1,
        0,
      ]
    }
    style={
      [
        {
          "backgroundColor": "#fff0",
        },
        undefined,
      ]
    }
  >
    <View
      style={
        [
          {
            "overflow": "hidden",
          },
          undefined,
        ]
      }
    >
      <FastImageView
        defaultSource={null}
        resizeMode="cover"
        source={
          {
            "priority": "normal",
            "uri": "https://image.tmdb.org/t/p/w780eO3r38fwnhb58M1YgcjQBd3VNcp.jpg",
          }
        }
        style={
          {
            "bottom": 0,
            "left": 0,
            "position": "absolute",
            "right": 0,
            "top": 0,
          }
        }
      />
    </View>
  </CMIFColorMatrixImageFilter>
</View>
`;
