// Jest Snapshot v1, https://goo.gl/fbAQLP

exports[`Check renders correctly 1`] = `
<View
  collapsable={false}
  entering={[Function]}
  jestAnimatedStyle={
    {
      "value": {},
    }
  }
  style={{}}
>
  <Text
    allowFontScaling={false}
    selectable={false}
    style={
      [
        {
          "color": "#ffffff",
          "fontSize": 15,
        },
        undefined,
        {
          "fontFamily": "Ionicons",
          "fontStyle": "normal",
          "fontWeight": "normal",
        },
        {},
      ]
    }
  >
    î¬¨
  </Text>
</View>
`;
