// Jest Snapshot v1, https://goo.gl/fbAQLP

exports[`Close renders correctly 1`] = `
<View
  accessibilityState={
    {
      "busy": undefined,
      "checked": undefined,
      "disabled": undefined,
      "expanded": undefined,
      "selected": undefined,
    }
  }
  accessibilityValue={
    {
      "max": undefined,
      "min": undefined,
      "now": undefined,
      "text": undefined,
    }
  }
  accessible={true}
  collapsable={false}
  focusable={true}
  onBlur={[Function]}
  onClick={[Function]}
  onFocus={[Function]}
  onResponderGrant={[Function]}
  onResponderMove={[Function]}
  onResponderRelease={[Function]}
  onResponderTerminate={[Function]}
  onResponderTerminationRequest={[Function]}
  onStartShouldSetResponder={[Function]}
  style={
    [
      {
        "left": 0,
        "padding": 12,
        "position": "absolute",
        "top": 0,
        "zIndex": 10,
      },
      undefined,
    ]
  }
>
  <View
    entering="FadeIn"
    style={
      [
        {
          "alignItems": "center",
          "borderRadius": 50,
          "height": 28,
          "justifyContent": "center",
          "width": 28,
        },
        {
          "backgroundColor": "#fff",
        },
      ]
    }
  >
    <Text
      allowFontScaling={false}
      selectable={false}
      style={
        [
          {
            "color": "#666666",
            "fontSize": 21,
          },
          undefined,
          {
            "fontFamily": "Ionicons",
            "fontStyle": "normal",
            "fontWeight": "normal",
          },
          {},
        ]
      }
    >
      Ó≠è
    </Text>
  </View>
</View>
`;
