// Jest Snapshot v1, https://goo.gl/fbAQLP

exports[`Icon renders correctly 1`] = `
<Text
  allowFontScaling={false}
  selectable={false}
  style={
    [
      {
        "color": "#eec01e",
        "fontSize": 20,
      },
      undefined,
      {
        "fontFamily": "Ionicons",
        "fontStyle": "normal",
        "fontWeight": "normal",
      },
      {},
    ]
  }
>
  îº–
</Text>
`;
