// Jest Snapshot v1, https://goo.gl/fbAQLP

exports[`InputError renders correctly 1`] = `
<View
  style={
    {
      "alignItems": "flex-start",
      "marginTop": 5,
    }
  }
>
  <Text
    style={
      {
        "color": "#ffffff",
        "fontSize": 15,
        "textAlign": "center",
      }
    }
  >
    Error message
  </Text>
</View>
`;
