// Jest Snapshot v1, https://goo.gl/fbAQLP

exports[`MovieList with items renders correctly 1`] = `
<RCTScrollView
  contentContainerStyle={
    {
      "backgroundColor": "#ffffff",
      "justifyContent": "space-between",
      "padding": 10,
      "paddingBottom": 15,
    }
  }
  data={
    [
      {
        "id": 1,
        "poster_path": "brWLt72DyKVNpgZuqJwsr78brj.jpg",
        "title": "Star Wars: Episode IV - A New Hope",
      },
      {
        "id": 2,
        "poster_path": "a1MlbLBk5Sy6YvMbSuKfwGlDVlb.jpg",
        "title": "Star Wars: Episode V - The Empire Strikes Back",
      },
      {
        "id": 3,
        "poster_path": "cPo5m7MmFVxgFVbO1gmfb74dGdj.jpg",
        "title": "Star Wars: Episode VI - Return of the Jedi",
      },
    ]
  }
  getItem={[Function]}
  getItemCount={[Function]}
  keyExtractor={[Function]}
  keyboardShouldPersistTaps="handled"
  onContentSizeChange={[Function]}
  onLayout={[Function]}
  onMomentumScrollBegin={[Function]}
  onMomentumScrollEnd={[Function]}
  onScroll={[Function]}
  onScrollBeginDrag={[Function]}
  onScrollEndDrag={[Function]}
  removeClippedSubviews={false}
  renderItem={[Function]}
  scrollEventThrottle={50}
  stickyHeaderIndices={[]}
  style={
    {
      "flex": 1,
    }
  }
  viewabilityConfigCallbackPairs={[]}
>
  <View>
    <View
      onFocusCapture={[Function]}
      onLayout={[Function]}
      style={null}
    >
      <View
        style={
          {
            "flexDirection": "row",
          }
        }
      >
        <View
          accessibilityState={
            {
              "busy": undefined,
              "checked": undefined,
              "disabled": undefined,
              "expanded": undefined,
              "selected": undefined,
            }
          }
          accessibilityValue={
            {
              "max": undefined,
              "min": undefined,
              "now": undefined,
              "text": undefined,
            }
          }
          accessible={true}
          collapsable={false}
          focusable={true}
          onBlur={[Function]}
          onClick={[Function]}
          onFocus={[Function]}
          onResponderGrant={[Function]}
          onResponderMove={[Function]}
          onResponderRelease={[Function]}
          onResponderTerminate={[Function]}
          onResponderTerminationRequest={[Function]}
          onStartShouldSetResponder={[Function]}
          style={
            [
              {
                "flex": 1,
              },
              {
                "maxWidth": "50%",
                "padding": 5,
              },
            ]
          }
        >
          <View
            animatedStyle={
              {
                "value": {},
              }
            }
            collapsable={false}
            entering={[Function]}
            style={
              {
                "aspectRatio": "4/6",
                "backgroundColor": "#d1cecf",
                "borderRadius": 12,
              }
            }
          >
            <View
              style={
                {
                  "alignItems": "center",
                  "bottom": 0,
                  "justifyContent": "center",
                  "left": 0,
                  "position": "absolute",
                  "right": 0,
                  "top": 0,
                }
              }
            >
              <Text
                style={
                  {
                    "color": "#ffffff",
                    "fontSize": 16,
                    "fontWeight": "600",
                    "textAlign": "center",
                  }
                }
              >
                Star Wars: Episode IV - A New Hope
              </Text>
            </View>
            <View
              style={
                [
                  {
                    "overflow": "hidden",
                  },
                  [
                    {
                      "aspectRatio": "4/6",
                    },
                    {
                      "borderRadius": 12,
                    },
                  ],
                ]
              }
            >
              <FastImageView
                defaultSource={null}
                resizeMode="cover"
                source={
                  {
                    "priority": "normal",
                    "uri": "https://image.tmdb.org/t/p/w342brWLt72DyKVNpgZuqJwsr78brj.jpg",
                  }
                }
                style={
                  {
                    "bottom": 0,
                    "left": 0,
                    "position": "absolute",
                    "right": 0,
                    "top": 0,
                  }
                }
              />
            </View>
          </View>
        </View>
        <View
          accessibilityState={
            {
              "busy": undefined,
              "checked": undefined,
              "disabled": undefined,
              "expanded": undefined,
              "selected": undefined,
            }
          }
          accessibilityValue={
            {
              "max": undefined,
              "min": undefined,
              "now": undefined,
              "text": undefined,
            }
          }
          accessible={true}
          collapsable={false}
          focusable={true}
          onBlur={[Function]}
          onClick={[Function]}
          onFocus={[Function]}
          onResponderGrant={[Function]}
          onResponderMove={[Function]}
          onResponderRelease={[Function]}
          onResponderTerminate={[Function]}
          onResponderTerminationRequest={[Function]}
          onStartShouldSetResponder={[Function]}
          style={
            [
              {
                "flex": 1,
              },
              {
                "maxWidth": "50%",
                "padding": 5,
              },
            ]
          }
        >
          <View
            animatedStyle={
              {
                "value": {},
              }
            }
            collapsable={false}
            entering={[Function]}
            style={
              {
                "aspectRatio": "4/6",
                "backgroundColor": "#d1cecf",
                "borderRadius": 12,
              }
            }
          >
            <View
              style={
                {
                  "alignItems": "center",
                  "bottom": 0,
                  "justifyContent": "center",
                  "left": 0,
                  "position": "absolute",
                  "right": 0,
                  "top": 0,
                }
              }
            >
              <Text
                style={
                  {
                    "color": "#ffffff",
                    "fontSize": 16,
                    "fontWeight": "600",
                    "textAlign": "center",
                  }
                }
              >
                Star Wars: Episode V - The Empire Strikes Back
              </Text>
            </View>
            <View
              style={
                [
                  {
                    "overflow": "hidden",
                  },
                  [
                    {
                      "aspectRatio": "4/6",
                    },
                    {
                      "borderRadius": 12,
                    },
                  ],
                ]
              }
            >
              <FastImageView
                defaultSource={null}
                resizeMode="cover"
                source={
                  {
                    "priority": "normal",
                    "uri": "https://image.tmdb.org/t/p/w342a1MlbLBk5Sy6YvMbSuKfwGlDVlb.jpg",
                  }
                }
                style={
                  {
                    "bottom": 0,
                    "left": 0,
                    "position": "absolute",
                    "right": 0,
                    "top": 0,
                  }
                }
              />
            </View>
          </View>
        </View>
      </View>
    </View>
    <View
      onFocusCapture={[Function]}
      onLayout={[Function]}
      style={null}
    >
      <View
        style={
          {
            "flexDirection": "row",
          }
        }
      >
        <View
          accessibilityState={
            {
              "busy": undefined,
              "checked": undefined,
              "disabled": undefined,
              "expanded": undefined,
              "selected": undefined,
            }
          }
          accessibilityValue={
            {
              "max": undefined,
              "min": undefined,
              "now": undefined,
              "text": undefined,
            }
          }
          accessible={true}
          collapsable={false}
          focusable={true}
          onBlur={[Function]}
          onClick={[Function]}
          onFocus={[Function]}
          onResponderGrant={[Function]}
          onResponderMove={[Function]}
          onResponderRelease={[Function]}
          onResponderTerminate={[Function]}
          onResponderTerminationRequest={[Function]}
          onStartShouldSetResponder={[Function]}
          style={
            [
              {
                "flex": 1,
              },
              {
                "maxWidth": "50%",
                "padding": 5,
              },
            ]
          }
        >
          <View
            animatedStyle={
              {
                "value": {},
              }
            }
            collapsable={false}
            entering={[Function]}
            style={
              {
                "aspectRatio": "4/6",
                "backgroundColor": "#d1cecf",
                "borderRadius": 12,
              }
            }
          >
            <View
              style={
                {
                  "alignItems": "center",
                  "bottom": 0,
                  "justifyContent": "center",
                  "left": 0,
                  "position": "absolute",
                  "right": 0,
                  "top": 0,
                }
              }
            >
              <Text
                style={
                  {
                    "color": "#ffffff",
                    "fontSize": 16,
                    "fontWeight": "600",
                    "textAlign": "center",
                  }
                }
              >
                Star Wars: Episode VI - Return of the Jedi
              </Text>
            </View>
            <View
              style={
                [
                  {
                    "overflow": "hidden",
                  },
                  [
                    {
                      "aspectRatio": "4/6",
                    },
                    {
                      "borderRadius": 12,
                    },
                  ],
                ]
              }
            >
              <FastImageView
                defaultSource={null}
                resizeMode="cover"
                source={
                  {
                    "priority": "normal",
                    "uri": "https://image.tmdb.org/t/p/w342cPo5m7MmFVxgFVbO1gmfb74dGdj.jpg",
                  }
                }
                style={
                  {
                    "bottom": 0,
                    "left": 0,
                    "position": "absolute",
                    "right": 0,
                    "top": 0,
                  }
                }
              />
            </View>
          </View>
        </View>
      </View>
    </View>
  </View>
</RCTScrollView>
`;

exports[`MovieList without items renders correctly 1`] = `
<RCTScrollView
  contentContainerStyle={
    {
      "backgroundColor": "#ffffff",
      "justifyContent": "space-between",
      "padding": 10,
      "paddingBottom": 15,
    }
  }
  data={[]}
  getItem={[Function]}
  getItemCount={[Function]}
  keyExtractor={[Function]}
  keyboardShouldPersistTaps="handled"
  onContentSizeChange={[Function]}
  onLayout={[Function]}
  onMomentumScrollBegin={[Function]}
  onMomentumScrollEnd={[Function]}
  onScroll={[Function]}
  onScrollBeginDrag={[Function]}
  onScrollEndDrag={[Function]}
  removeClippedSubviews={false}
  renderItem={[Function]}
  scrollEventThrottle={50}
  stickyHeaderIndices={[]}
  style={
    {
      "flex": 1,
    }
  }
  viewabilityConfigCallbackPairs={[]}
>
  <View />
</RCTScrollView>
`;
