// Jest Snapshot v1, https://goo.gl/fbAQLP

exports[`PieChart renders with 100 percent 1`] = `
<View
  entering={
    {
      "delay": [MockFunction],
    }
  }
  style={
    [
      undefined,
      {
        "flex": 1,
        "height": 20,
        "width": 20,
      },
    ]
  }
>
  <View
    onLayout={[Function]}
    style={
      [
        {
          "bottom": 0,
          "left": 0,
          "position": "absolute",
          "right": 0,
          "top": 0,
        },
        {
          "height": 20,
          "width": 20,
        },
      ]
    }
  />
  <View
    pointerEvents="box-none"
    style={
      [
        {
          "bottom": 0,
          "left": 0,
          "position": "absolute",
          "right": 0,
          "top": 0,
        },
        {
          "height": 14,
          "left": 3,
          "top": 3,
          "width": 14,
        },
      ]
    }
  >
    <View
      onLayout={[Function]}
      pointerEvents="box-none"
      style={
        {
          "flex": 1,
        }
      }
    />
  </View>
</View>
`;

exports[`PieChart renders with custom color 1`] = `
<View
  entering={
    {
      "delay": [MockFunction],
    }
  }
  style={
    [
      undefined,
      {
        "flex": 1,
        "height": 20,
        "width": 20,
      },
    ]
  }
>
  <View
    onLayout={[Function]}
    style={
      [
        {
          "bottom": 0,
          "left": 0,
          "position": "absolute",
          "right": 0,
          "top": 0,
        },
        {
          "height": 20,
          "width": 20,
        },
      ]
    }
  />
  <View
    pointerEvents="box-none"
    style={
      [
        {
          "bottom": 0,
          "left": 0,
          "position": "absolute",
          "right": 0,
          "top": 0,
        },
        {
          "height": 14,
          "left": 3,
          "top": 3,
          "width": 14,
        },
      ]
    }
  >
    <View
      onLayout={[Function]}
      pointerEvents="box-none"
      style={
        {
          "flex": 1,
        }
      }
    />
  </View>
</View>
`;

exports[`PieChart renders with default props 1`] = `
<View
  entering={
    {
      "delay": [MockFunction],
    }
  }
  style={
    [
      undefined,
      {
        "flex": 1,
        "height": 20,
        "width": 20,
      },
    ]
  }
>
  <View
    onLayout={[Function]}
    style={
      [
        {
          "bottom": 0,
          "left": 0,
          "position": "absolute",
          "right": 0,
          "top": 0,
        },
        {
          "height": 20,
          "width": 20,
        },
      ]
    }
  />
  <View
    pointerEvents="box-none"
    style={
      [
        {
          "bottom": 0,
          "left": 0,
          "position": "absolute",
          "right": 0,
          "top": 0,
        },
        {
          "height": 14,
          "left": 3,
          "top": 3,
          "width": 14,
        },
      ]
    }
  >
    <View
      onLayout={[Function]}
      pointerEvents="box-none"
      style={
        {
          "flex": 1,
        }
      }
    />
  </View>
</View>
`;

exports[`PieChart renders with over 100 percent (should cap at 100) 1`] = `
<View
  entering={
    {
      "delay": [MockFunction],
    }
  }
  style={
    [
      undefined,
      {
        "flex": 1,
        "height": 20,
        "width": 20,
      },
    ]
  }
>
  <View
    onLayout={[Function]}
    style={
      [
        {
          "bottom": 0,
          "left": 0,
          "position": "absolute",
          "right": 0,
          "top": 0,
        },
        {
          "height": 20,
          "width": 20,
        },
      ]
    }
  />
  <View
    pointerEvents="box-none"
    style={
      [
        {
          "bottom": 0,
          "left": 0,
          "position": "absolute",
          "right": 0,
          "top": 0,
        },
        {
          "height": 14,
          "left": 3,
          "top": 3,
          "width": 14,
        },
      ]
    }
  >
    <View
      onLayout={[Function]}
      pointerEvents="box-none"
      style={
        {
          "flex": 1,
        }
      }
    />
  </View>
</View>
`;

exports[`PieChart renders with zero percent 1`] = `
<View
  entering={
    {
      "delay": [MockFunction],
    }
  }
  style={
    [
      undefined,
      {
        "flex": 1,
        "height": 20,
        "width": 20,
      },
    ]
  }
>
  <View
    onLayout={[Function]}
    style={
      [
        {
          "bottom": 0,
          "left": 0,
          "position": "absolute",
          "right": 0,
          "top": 0,
        },
        {
          "height": 20,
          "width": 20,
        },
      ]
    }
  />
  <View
    pointerEvents="box-none"
    style={
      [
        {
          "bottom": 0,
          "left": 0,
          "position": "absolute",
          "right": 0,
          "top": 0,
        },
        {
          "height": 14,
          "left": 3,
          "top": 3,
          "width": 14,
        },
      ]
    }
  >
    <View
      onLayout={[Function]}
      pointerEvents="box-none"
      style={
        {
          "flex": 1,
        }
      }
    />
  </View>
</View>
`;
