// Jest Snapshot v1, https://goo.gl/fbAQLP

exports[`Player renders correctly 1`] = `
<RCTSafeAreaView
  style={
    {
      "backgroundColor": "#000",
      "flex": 1,
    }
  }
>
  <View
    style={
      {
        "alignItems": "center",
        "flex": 1,
        "justifyContent": "center",
      }
    }
  >
    <Text
      allowFontScaling={false}
      selectable={false}
      style={
        [
          {
            "color": "#ffffff",
            "fontSize": 30,
          },
          {
            "left": 10,
            "position": "absolute",
            "top": 5,
          },
          {
            "fontFamily": "Ionicons",
            "fontStyle": "normal",
            "fontWeight": "normal",
          },
          {},
        ]
      }
    >
      î­‹
    </Text>
    <View
      accessibilityState={
        {
          "busy": undefined,
          "checked": undefined,
          "disabled": undefined,
          "expanded": undefined,
          "selected": undefined,
        }
      }
      accessibilityValue={
        {
          "max": undefined,
          "min": undefined,
          "now": undefined,
          "text": undefined,
        }
      }
      accessible={true}
      collapsable={false}
      focusable={true}
      onBlur={[Function]}
      onClick={[Function]}
      onFocus={[Function]}
      onResponderGrant={[Function]}
      onResponderMove={[Function]}
      onResponderRelease={[Function]}
      onResponderTerminate={[Function]}
      onResponderTerminationRequest={[Function]}
      onStartShouldSetResponder={[Function]}
      style={
        {
          "backgroundColor": "transparent",
          "bottom": 0,
          "left": 0,
          "position": "absolute",
          "right": 0,
          "top": 0,
        }
      }
    />
    <RCTYouTube
      onChangeFullscreen={[Function]}
      onChangeQuality={[Function]}
      onChangeState={[Function]}
      onError={[Function]}
      onProgress={[Function]}
      onReady={[Function]}
      play={true}
      playerParams={
        {
          "playerVars": {
            "controls": 1,
            "fs": undefined,
            "loop": undefined,
            "modestbranding": 1,
            "origin": undefined,
            "playlist": undefined,
            "playsinline": undefined,
            "rel": undefined,
            "showinfo": undefined,
          },
          "playlistId": undefined,
          "videoId": "123456789",
        }
      }
      style={
        [
          {
            "overflow": "hidden",
          },
          {
            "alignItems": "center",
            "aspectRatio": "1",
            "justifyContent": "center",
            "width": 750,
          },
        ]
      }
      videoId="123456789"
    />
    <ActivityIndicator
      animating={true}
      color="#ffffff"
      size="small"
      style={
        {
          "backgroundColor": "#000",
          "bottom": 0,
          "left": 0,
          "position": "absolute",
          "right": 0,
          "top": 0,
        }
      }
    />
  </View>
</RCTSafeAreaView>
`;
