// Jest Snapshot v1, https://goo.gl/fbAQLP

exports[`Play does not render when there are no videos 1`] = `null`;

exports[`Play renders correctly with video items 1`] = `
<View
  entering="ZoomIn"
  style={
    {
      "height": 40,
      "position": "absolute",
      "right": 65,
      "top": 767.5,
      "width": 40,
    }
  }
>
  <View
    accessibilityState={
      {
        "busy": undefined,
        "checked": undefined,
        "disabled": undefined,
        "expanded": undefined,
        "selected": undefined,
      }
    }
    accessibilityValue={
      {
        "max": undefined,
        "min": undefined,
        "now": undefined,
        "text": undefined,
      }
    }
    accessible={true}
    collapsable={false}
    focusable={true}
    onBlur={[Function]}
    onClick={[Function]}
    onFocus={[Function]}
    onResponderGrant={[Function]}
    onResponderMove={[Function]}
    onResponderRelease={[Function]}
    onResponderTerminate={[Function]}
    onResponderTerminationRequest={[Function]}
    onStartShouldSetResponder={[Function]}
    style={
      {
        "alignItems": "center",
        "backgroundColor": "rgba(0, 0, 0, 0.5)",
        "borderRadius": 50,
        "height": "100%",
        "justifyContent": "center",
        "paddingLeft": 3,
        "width": "100%",
      }
    }
  >
    <Text
      allowFontScaling={false}
      selectable={false}
      style={
        [
          {
            "color": "#ffffff",
            "fontSize": 24,
          },
          undefined,
          {
            "fontFamily": "Ionicons",
            "fontStyle": "normal",
            "fontWeight": "normal",
          },
          {},
        ]
      }
    >
      î·‡
    </Text>
  </View>
</View>
`;
