// Jest Snapshot v1, https://goo.gl/fbAQLP

exports[`ProfileIcon renders correctly 1`] = `
<View
  style={
    [
      {
        "overflow": "hidden",
      },
      {
        "height": 26,
        "width": 26,
      },
    ]
  }
>
  <View
    style={
      [
        {
          "overflow": "hidden",
        },
        {
          "borderRadius": 50,
          "height": "100%",
          "width": "100%",
        },
      ]
    }
  >
    <FastImageView
      defaultSource={null}
      resizeMode="cover"
      style={
        {
          "bottom": 0,
          "left": 0,
          "position": "absolute",
          "right": 0,
          "top": 0,
        }
      }
    />
  </View>
</View>
`;
