// Jest Snapshot v1, https://goo.gl/fbAQLP

exports[`Rating renders correctly 1`] = `
<View
  style={
    {
      "alignItems": "center",
      "flexDirection": "row",
      "justifyContent": "flex-start",
    }
  }
>
  <Text
    allowFontScaling={false}
    selectable={false}
    style={
      [
        {
          "color": "#eec01e",
          "fontSize": 20,
        },
        undefined,
        {
          "fontFamily": "Ionicons",
          "fontStyle": "normal",
          "fontWeight": "normal",
        },
        {},
      ]
    }
  >
    îº–
  </Text>
  <Text
    style={
      [
        {
          "fontSize": 24,
          "fontWeight": "800",
          "lineHeight": 28,
          "marginLeft": 5,
        },
        {
          "color": "#181818",
        },
        undefined,
      ]
    }
  >
    7.3
  </Text>
</View>
`;
